// Jest Snapshot v1, https://goo.gl/fbAQLP

exports[`popup should replace the text of the button with bold text 1`] = `"𝗕𝗼𝗹𝗱𝗲𝗿𝗶𝘇𝗲"`;
